PASS ProgressSeparateProcess
PASS ProgressRecorderIntegration
PASS ProgressBackupFailureSafe
PASS ProgressLimitAndRestart
PASS ProgressProcessedNeverRepeated
PASS ProgressScanPreservesAndSkipsReads
PASS ProgressResetFileAndFolder
PASS ProgressErrorsAndReviewReset
PASS ProgressBackupBeforeReset
PASS ProgressRenameIdentityAndDuplicates
PASS ProgressEachFileCommitted
Reading changed/new file: C:\Users\tglaz\Documents\Codex\2026-09-26\build-the-first-read-only-version\work\test-runs\mp3tests-ce04a583e909\a8e239e3c5c74890a6aaeabac845bdfb\source\test.wav
Added: 1
Updated: 0
Unchanged: 0
Scan errors: 0
Online lookup disabled: --online not specified (online lookup is opt-in)
[00:00:00] Analyzing [1/1]: C:\Users\tglaz\Documents\Codex\2026-09-26\build-the-first-read-only-version\work\test-runs\mp3tests-ce04a583e909\a8e239e3c5c74890a6aaeabac845bdfb\source\test.wav
[00:00:00] Resolution: evaluating metadata
[00:00:00] NeedsReview: C:\Users\tglaz\Documents\Codex\2026-09-26\build-the-first-read-only-version\work\test-runs\mp3tests-ce04a583e909\a8e239e3c5c74890a6aaeabac845bdfb\source\test.wav
Analyzed this batch: 1
Total files: 1
Processed: 0
Ready: 0
Skipped: 0
Needs review: 1
Not processed: 0
Errors: 0
Complete (Ready/Processed/Skipped): 0,0%
Missing/unreliable Artist: 0
Missing/unreliable Album: 0
Missing Track Number: 1
Missing Year: 0
Total files: 1
Processed: 0
Ready: 0
Skipped: 0
Needs review: 1
Not processed: 0
Errors: 0
Complete (Ready/Processed/Skipped): 0,0%
Missing/unreliable Artist: 0
Missing/unreliable Album: 0
Missing Track Number: 1
Missing Year: 0
Reset files: 1
PASS ProgressCliAndSourceSafety
PASS NavigateBackAcrossFolders
PASS BackspaceEditsInsteadOfNavigating
PASS EveryPromptHasPathContext
PASS NavigationBackAndEdit
PASS NavigationFirstFieldReturnsToSelection
PASS NavigationFileContextAndPersistence
PASS ArtistAlbumTrackFilename
PASS GenericFilenameTrackHints
PASS GenericFilenameInteractiveDefault
PASS CupheadTrackNumbers
PASS TrackHintWithReliableTitle
PASS InteractiveTrackHintAccepted
PASS PartialOnlinePreservesFields
PASS PartialFieldPriorityAndPlaceholders
PASS FieldSourcesReport
PASS IdentificationStageProgress
PASS DiagnosticOnlineConditions
PASS DiagnosticFpcalcLocation
PASS DoctorChecksWorkspaceOnly
PASS DoctorFailuresReported
PASS PlaceholderVariants
PASS KingpinOfflineAndReport
PASS KingpinOnlineAndFailure
PASS KingpinInteractiveAndManualPriority
PASS PlaceholderOldCacheInvalidated
PASS NormalizeWhitespace
PASS NormalizeUnicode
PASS PreservePunctuation
PASS NormalizeBlank
PASS DuplicateBoundary
PASS DuplicateNoChains
PASS DuplicateMissingTags
PASS DuplicateDifferentArtist
PASS NonIdenticalRetained
PASS IdenticalSelected
PASS StableDuplicateOrdering
PASS SafeNames
PASS CompilationPath
PASS LoosePath
PASS DiscPath
PASS StableArtistIdentity
PASS PermanentIds
PASS CompilationPlaylists
PASS AlbumSpokenCode
PASS AlbumLimit
PASS SourceStreamReadOnly
PASS TagWriteStreamDenied
PASS WriterRejectsSource
PASS ReportsRejectSource
PASS PlanRejectsOverlap
PASS TraversalRejected
PASS ProtectedSourceRejected
PASS ApplyRequiresPlan
PASS EndToEndSourceImmutable
PASS DryRunNoWrites
PASS ChangedSourceRejected
PASS ChangedTargetRejected
PASS CorruptAudioBlocksPlan
PASS ExistingUnmanagedTargetRejected
PASS PlanTamperRejected
PASS TargetCollisionPreserved
PASS PlaylistUtf8AndRelative
PASS CsvEscaping
[00:00:00] Scanning folders: C:\Users\tglaz\Documents\Codex\2026-09-26\build-the-first-read-only-version\work\test-runs\mp3tests-ce04a583e909\997af77bdf784a34b1dbe118638d78f9\target
[00:00:00] Scanning: 0 audio files found; C:\Users\tglaz\Documents\Codex\2026-09-26\build-the-first-read-only-version\work\test-runs\mp3tests-ce04a583e909\997af77bdf784a34b1dbe118638d78f9\target
[00:00:00] Scan complete: 1 audio files; 0 warnings.
[00:00:00] Reading metadata and SHA-256 [1/1]: 00 - Test Song.wav
[00:00:00] Metadata complete: 1 files.
Generated 2 playlists; managed replacements are backed up.
PASS RegenerationKeepsIds
PASS ReportFilesGenerated
PASS MappingRollbackRejected
PASS MissingMappingRejected
PASS MultipleTrackArtists
PASS AddedSourceRejected
PASS ChangedSkippedDuplicateRejected
PASS CopyExecutorRejectsSource
PASS PlaylistWriterRejectsSource
PASS PlanStoreRejectsSource
PASS TagSaveDenied
PASS LosslessQualityPreference
PASS SameCodecBitratePreference
PASS UnknownQualityRetained
PASS EmptyRetiredPlaylists
PASS SourcePathAliasesRejected
PASS ScannerExtensions
Online lookup disabled: --online not specified (online lookup is opt-in)
[00:00:00] Scanning folders: C:\Users\tglaz\Documents\Codex\2026-09-26\build-the-first-read-only-version\work\test-runs\mp3tests-ce04a583e909\60351fd189d34a47907455bcf9ead781\source
[00:00:00] Scanning: 0 audio files found; C:\Users\tglaz\Documents\Codex\2026-09-26\build-the-first-read-only-version\work\test-runs\mp3tests-ce04a583e909\60351fd189d34a47907455bcf9ead781\source
[00:00:00] Scan complete: 1 audio files; 0 warnings.
[00:00:00] Reading metadata and SHA-256 [1/1]: test.wav
[00:00:00] Metadata complete: 1 files.
[00:00:00] Identifying [1/1] test.wav
[00:00:00] Resolution: evaluating metadata
[00:00:00] Completed [1/1] test.wav: TagsAccepted; source=Tags; fingerprint cache=False; identification cache=False; manual=False
[00:00:00] Identification complete: 1/1; 0 need review.
[00:00:00] Writing reports...
Total audio files: 1
Artist count: 1
Album count: 1
Files without artist: 0
Files without album: 0
Files without year: 0
Loose tracks: 0
Possible duplicate groups: 0
Metadata read errors: 0
Scan warnings: 0
Reports: C:\Users\tglaz\Documents\Codex\2026-09-26\build-the-first-read-only-version\work\test-runs\mp3tests-ce04a583e909\60351fd189d34a47907455bcf9ead781\reports\analysis-851482faf7d042209f641713d75567ef
Identification review: 0
Online lookup disabled: --online not specified (online lookup is opt-in)
[00:00:00] Scanning source and reading metadata/SHA-256...
[00:00:00] Reading: test.wav
[00:00:00] Identifying [1/1] test.wav
[00:00:00] Resolution: evaluating metadata
[00:00:00] Completed [1/1] test.wav: TagsAccepted; source=Tags; fingerprint cache=False; identification cache=False; manual=False
[00:00:00] Identification complete: 1/1; 0 need review.
[00:00:00] Calculating duplicates, target paths and playlists...
Total audio files: 1
Artist count: 1
Album count: 1
Files without artist: 0
Files without album: 0
Files without year: 0
Loose tracks: 0
Possible duplicate groups: 0
Metadata read errors: 0
Copy: 1
Already present: 0
Playlists: 2
Blocking conflicts: 0
Saved plan: C:\Users\tglaz\Documents\Codex\2026-09-26\build-the-first-read-only-version\work\test-runs\mp3tests-ce04a583e909\60351fd189d34a47907455bcf9ead781\reports\fe2fcee875e44c3a9ba84b83497d5ac7\copy-plan.json
Dry run validated: 1 copies and 2 playlists. No files written.
Apply completed; source untouched. Managed playlist replacements were backed up.
PASS CliWorkflow
PASS IndexStableCodesAndNumericOrder
[00:00:00] Scanning folders: C:\Users\tglaz\Documents\Codex\2026-09-26\build-the-first-read-only-version\work\test-runs\mp3tests-ce04a583e909\4ce79bd816e94c019747c0bf6de7ac3e\target
[00:00:00] Scanning: 0 audio files found; C:\Users\tglaz\Documents\Codex\2026-09-26\build-the-first-read-only-version\work\test-runs\mp3tests-ce04a583e909\4ce79bd816e94c019747c0bf6de7ac3e\target
[00:00:00] Scan complete: 1 audio files; 0 warnings.
[00:00:00] Reading metadata and SHA-256 [1/1]: 00 - Test Song.wav
[00:00:00] Metadata complete: 1 files.
Generated 2 playlists; managed replacements are backed up.
[00:00:00] Scanning folders: C:\Users\tglaz\Documents\Codex\2026-09-26\build-the-first-read-only-version\work\test-runs\mp3tests-ce04a583e909\4ce79bd816e94c019747c0bf6de7ac3e\target
[00:00:00] Scanning: 0 audio files found; C:\Users\tglaz\Documents\Codex\2026-09-26\build-the-first-read-only-version\work\test-runs\mp3tests-ce04a583e909\4ce79bd816e94c019747c0bf6de7ac3e\target
[00:00:00] Scan complete: 1 audio files; 0 warnings.
[00:00:00] Reading metadata and SHA-256 [1/1]: 00 - Test Song.wav
[00:00:00] Metadata complete: 1 files.
Generated 2 playlists; managed replacements are backed up.
PASS IndexRegenerationPreservesMapping
PASS IndexAlbumReportCode
PASS IndexCompilationAndUtf8
[00:00:00] Scanning folders: C:\Users\tglaz\Documents\Codex\2026-09-26\build-the-first-read-only-version\work\test-runs\mp3tests-ce04a583e909\8e9ff11c54fa4b48803e5aa01ad4416d\target
[00:00:00] Scanning: 0 audio files found; C:\Users\tglaz\Documents\Codex\2026-09-26\build-the-first-read-only-version\work\test-runs\mp3tests-ce04a583e909\8e9ff11c54fa4b48803e5aa01ad4416d\target
[00:00:00] Scan complete: 1 audio files; 0 warnings.
[00:00:00] Reading metadata and SHA-256 [1/1]: 00 - Test Song.wav
[00:00:00] Metadata complete: 1 files.
PASS IndexUnmanagedCollision
PASS ResolutionTagsPriority
PASS ResolutionForcedPreservesTags
PASS ResolutionLowScore
PASS ResolutionAmbiguous
PASS ResolutionReleaseSelection
PASS ResolutionReleaseAmbiguous
PASS ResolutionNoArbitraryCompilation
PASS ResolutionNeighborAlbum
PASS ResolutionGoodTagConflict
PASS ResolutionDurationConflict
PASS FallbackNoiseAndSoundtrack
PASS QualityTriggers
PASS OfflineNeverCallsHttp
PASS FingerprintCacheReuse
PASS HttpRateLimits
PASS HttpRetryBackoff
PASS HttpNegativeCache
PASS HttpTransientFailureCache
PASS HttpPayloadPrivacy
PASS HttpMusicBrainzParse
PASS HttpMalformedResponse
PASS HttpMusicBrainzFailure
PASS RecordingIdentityDuplicates
PASS ResolutionSourceImmutable
[00:00:00] Scanning folders: C:\Users\tglaz\Documents\Codex\2026-09-26\build-the-first-read-only-version\work\test-runs\mp3tests-ce04a583e909\f72e9d9b5ab14de2bf0c7c323a5aaf0f\target
[00:00:00] Scanning: 0 audio files found; C:\Users\tglaz\Documents\Codex\2026-09-26\build-the-first-read-only-version\work\test-runs\mp3tests-ce04a583e909\f72e9d9b5ab14de2bf0c7c323a5aaf0f\target
[00:00:00] Scan complete: 1 audio files; 0 warnings.
[00:00:00] Reading metadata and SHA-256 [1/1]: 00 - Test Song.wav
[00:00:00] Metadata complete: 1 files.
Generated 2 playlists; managed replacements are backed up.
PASS TargetEffectiveMetadataPersists
PASS IdentificationReportFields
PASS IdentificationCacheSafety
Online lookup disabled: --offline requested
[00:00:00] Scanning folders: C:\Users\tglaz\Documents\Codex\2026-09-26\build-the-first-read-only-version\work\test-runs\mp3tests-ce04a583e909\d5c353513d144eff95b3e03a510a4005\source
[00:00:00] Scanning: 0 audio files found; C:\Users\tglaz\Documents\Codex\2026-09-26\build-the-first-read-only-version\work\test-runs\mp3tests-ce04a583e909\d5c353513d144eff95b3e03a510a4005\source
[00:00:00] Scan complete: 1 audio files; 0 warnings.
[00:00:00] Reading metadata and SHA-256 [1/1]: test.wav
[00:00:00] Metadata complete: 1 files.
[00:00:00] Identifying [1/1] test.wav
[00:00:00] Resolution: evaluating metadata
[00:00:00] Completed [1/1] test.wav: TagsAccepted; source=Tags; fingerprint cache=False; identification cache=False; manual=False
[00:00:00] Identification complete: 1/1; 0 need review.
[00:00:00] Writing reports...
Total audio files: 1
Artist count: 1
Album count: 1
Files without artist: 0
Files without album: 0
Files without year: 0
Loose tracks: 0
Possible duplicate groups: 0
Metadata read errors: 0
Scan warnings: 0
Reports: C:\Users\tglaz\Documents\Codex\2026-09-26\build-the-first-read-only-version\work\test-runs\mp3tests-ce04a583e909\d5c353513d144eff95b3e03a510a4005\reports\identification-77cf6917a07943e2937e69297dd07905
Identification review: 0
PASS IdentifyOfflineCli
PASS ResolutionCacheReusedOffline
PASS HttpMusicBrainzPagination
PASS NeighborYearSelectsRelease
PASS LosslessPropertyPreference
PASS UncertainQualityKeepsBoth
PASS ResolutionPreservesGoodFieldSpelling
PASS FingerprintRejectsChangedSource
PASS SqlitePersistenceAndSchema
PASS SqliteNegativeExpiry
PASS SqliteFailureRetry
PASS SqliteSuccessfulIndefinite
PASS SqliteForcedRefresh
PASS FingerprintForcedRebuild
PASS FingerprintChangedFileNewIdentity
PASS ManualFolderPersistence
PASS ManualFilePersistence
PASS ManualPriority
PASS ManualFileOverFolder
PASS ManualFolderPropagationAndChanges
PASS ManualFolderRelocation
PASS ManualSkipFolder
PASS ManualAbortTracksKeepsProgress
PASS ManualAcceptDefaultsNoRepeat
PASS ManualEditExisting
PASS ManualDirectEditReload
PASS ManualInvalidJson
PASS ManualSchemaValidation
PASS ManualAtomicBackup
PASS ManualConcurrentEditRefused
PASS ManualValidationReferences
PASS ManualSourceImmutable
PASS ManualStalePlanRejected
[00:00:00] Scanning folders: C:\Users\tglaz\Documents\Codex\2026-09-26\build-the-first-read-only-version\work\test-runs\mp3tests-ce04a583e909\5b68c4d8e76945e39aa27c5100d85b9d\target
[00:00:00] Scanning: 0 audio files found; C:\Users\tglaz\Documents\Codex\2026-09-26\build-the-first-read-only-version\work\test-runs\mp3tests-ce04a583e909\5b68c4d8e76945e39aa27c5100d85b9d\target
[00:00:00] Scan complete: 1 audio files; 0 warnings.
[00:00:00] Reading metadata and SHA-256 [1/1]: 00 - Test Song.wav
[00:00:00] Metadata complete: 1 files.
Generated 4 playlists; managed replacements are backed up.
PASS ManualTargetPlaylistRegeneration
PASS ManualReportsFlags
PASS AutomaticCacheRenameReuse
PASS ManualAbortMidTrackNoRepeatedTitle
PASS ManualRefreshCannotOverride
PASS ManualRemovalRestoresAutomatic
Folder overrides: 0
File overrides: 0
Validation errors: 0
Unresolved references: 0
PASS ManualValidateCommand
PASS ManualAcceptsUtf8Bom
PASS AutomaticNegativeResultPersistence
PASS SqlitePersistenceAcrossProcesses
PASS LegacyFingerprintImport
RESULT: 169 passed, 0 failed, 169 total. Synthetic fixtures: C:\Users\tglaz\Documents\Codex\2026-09-26\build-the-first-read-only-version\work\test-runs\mp3tests-ce04a583e909
